Microchip MPLAB XC8 Compiler V1.12 ()

Linker command line:

-W9 --edf=/opt/microchip/xc8/v1.12/dat/en_msgs.txt -cs \
  -h+dist/K16/production/Klondike.X.production.sym -z -Q16LF1459 -ol.obj \
  -Plowcode=14h,usb -Mdist/K16/production/Klondike.X.production.map -E1 \
  -ver=XC8 -ACONST=00h-0FFhx32 -ACODE=00h-07FFhx4 -ASTRCODE=00h-01FFFh \
  -AENTRY=00h-0FFhx32 -ASTRING=00h-0FFhx32 -ACOMMON=070h-07Fh \
  -ABANK0=020h-06Fh -ABANK1=0A0h-0EFh -ABANK2=0120h-016Fh \
  -ABANK3=01A0h-01EFh -ABANK4=0220h-026Fh -ABANK5=02A0h-02EFh \
  -ABANK6=0320h-036Fh -ABANK7=03A0h-03EFh -ABANK8=0420h-046Fh \
  -ABANK9=04A0h-04EFh -ABANK10=0520h-056Fh -ABANK11=05A0h-05EFh \
  -ABANK12=0620h-064Fh -ABIGRAM=02000h-023EFh \
  -ARAM=020h-06Fh,0A0h-0EFh,0120h-016Fh,01A0h-01EFh,0220h-026Fh,02A0h-02EFh,0320h-036Fh,03A0h-03EFh,0420h-046Fh,04A0h-04EFh,0520h-056Fh,05A0h-05EFh,0620h-064Fh \
  -AABS1=020h-07Fh,0A0h-0EFh,0120h-016Fh,01A0h-01EFh,0220h-026Fh,02A0h-02EFh,0320h-036Fh,03A0h-03EFh,0420h-046Fh,04A0h-04EFh,0520h-056Fh,05A0h-05EFh,0620h-064Fh \
  -ASFR0=00h-01Fh -ASFR1=080h-09Fh -ASFR2=0100h-011Fh -ASFR3=0180h-019Fh \
  -ASFR4=0200h-021Fh -ASFR5=0280h-029Fh -ASFR6=0300h-031Fh \
  -ASFR7=0380h-039Fh -ASFR8=0400h-041Fh -ASFR9=0480h-049Fh \
  -ASFR10=0500h-051Fh -ASFR11=0580h-059Fh -ASFR12=0600h-061Fh \
  -ASFR13=0680h-06EFh -ASFR14=0700h-076Fh -ASFR15=0780h-07EFh \
  -ASFR16=0800h-086Fh -ASFR17=0880h-08EFh -ASFR18=0900h-096Fh \
  -ASFR19=0980h-09EFh -ASFR20=0A00h-0A6Fh -ASFR21=0A80h-0AEFh \
  -ASFR22=0B00h-0B6Fh -ASFR23=0B80h-0BEFh -ASFR24=0C00h-0C6Fh \
  -ASFR25=0C80h-0CEFh -ASFR26=0D00h-0D6Fh -ASFR27=0D80h-0DEFh \
  -ASFR28=0E00h-0E6Fh -ASFR29=0E80h-0EEFh -ASFR30=0F00h-0F6Fh \
  -ASFR31=0F80h-0FEFh -preset_vec=00h,intentry=04h,init,end_init \
  -ppowerup=CODE -pfunctab=CODE -ACONFIG=08007h-08008h -pconfig=CONFIG \
  -DCONFIG=2 -AIDLOC=08000h-08003h -pidloc=IDLOC -DIDLOC=2 -DCODE=2 \
  -DSTRCODE=2 -DSTRING=2 -DCONST=2 -DENTRY=2 -k /tmp/cgt0syLMU.obj \
  dist/K16/production/Klondike.X.production.obj 

Object code version is 3.10

Machine type is 16LF1459



                Name                               Link     Load   Length Selector   Space Scale
/tmp/cgt0syLMU.obj
                end_init                             12       12        2        8       0
                reset_vec                             0        0        2        0       0
                config                             8007     8007        2    1000E       0
dist/K16/production/Klondike.X.production.obj
                intentry                              4        4        E        8       0
                text1963                           1733     1733       CD     2E66       0
                text1951                           1668     1668       57     2CD0       0
                text1950                            802      802        1     1004       0
                text1948                            7FC      7FC        2       28       0
                text1947                              2        2        1        0       0
                text1946                              3        3        1        6       0
                text1945                            7FF      7FF        1       28       0
                text1944                            7FE      7FE        1       28       0
                swtext1                            10BD     10BD       1A     217A       0
                text1923                            316      316      3A1       28       0
                text1922                            6B7      6B7      135       28       0
                text1921                           1614     1614       18     2C28       0
                text1920                           1605     1605        F     2C0A       0
                text1919                            7EC      7EC       10       28       0
                text1918                           16BF     16BF       74     2D7E       0
                usb                                 191      191      185       28       0
                lowcode                              14       14      17D       28       0
                cstackBANK0                          50       50       1A       50       1
                cstackCOMMON                         70       70        E       70       1
                cstackBANK1                          A0       A0       4B       A0       1
                inittext                           15E1     15E1        C     2BC2       0
                clrtext                            15ED     15ED        C     2BDA       0
                dataBANK6                           320      320       20      320       1
                dataBANK3                           1D8      1D8        C      1A0       1
                bssBANK3                            1A0      1A0       38      1A0       1
                dataBANK2                           151      151       1C      120       1
                bssBANK2                            120      120       31      120       1
                bssBANK1                             EB       EB        5       A0       1
                bssBANK0                             6A       6A        6       50       1
                cinit                               803      803      7FD     1006       0
                nvBANK2                             16D      16D        1      120       1
                strings                            1000     1000       BD     2000       0
                idataBANK6                         1648     1648       20     2C90       0
                idataBANK3                         15F9     15F9        C     2BF2       0
                idataBANK2                         162C     162C       1C     2C58       0

TOTAL           Name                               Link     Load   Length     Space
        CLASS   CONST          
                swtext1                            10BD     10BD       1A         0

        CLASS   CODE           
                end_init                             12       12        2         0
                intentry                              4        4        E         0
                reset_vec                             0        0        2         0
                text1963                           1733     1733       CD         0
                text1951                           1668     1668       57         0
                text1950                            802      802        1         0
                text1948                            7FC      7FC        2         0
                text1947                              2        2        1         0
                text1946                              3        3        1         0
                text1945                            7FF      7FF        1         0
                text1944                            7FE      7FE        1         0
                text1923                            316      316      3A1         0
                text1922                            6B7      6B7      135         0
                text1921                           1614     1614       18         0
                text1920                           1605     1605        F         0
                text1919                            7EC      7EC       10         0
                text1918                           16BF     16BF       74         0
                usb                                 191      191      185         0
                lowcode                              14       14      17D         0
                inittext                           15E1     15E1        C         0
                clrtext                            15ED     15ED        C         0
                cinit                               803      803      7FD         0
                idataBANK6                         1648     1648       20         0
                idataBANK3                         15F9     15F9        C         0
                idataBANK2                         162C     162C       1C         0

        CLASS   STRCODE        

        CLASS   ENTRY          

        CLASS   STRING         
                strings                            1000     1000       BD         0

        CLASS   COMMON         
                cstackCOMMON                         70       70        E         1

        CLASS   BANK0          
                cstackBANK0                          50       50       1A         1
                bssBANK0                             6A       6A        6         1

        CLASS   BANK1          
                cstackBANK1                          A0       A0       4B         1
                bssBANK1                             EB       EB        5         1

        CLASS   BANK2          
                dataBANK2                           151      151       1C         1
                bssBANK2                            120      120       31         1
                nvBANK2                             16D      16D        1         1

        CLASS   BANK3          
                dataBANK3                           1D8      1D8        C         1
                bssBANK3                            1A0      1A0       38         1

        CLASS   BANK4          

        CLASS   BANK5          

        CLASS   BANK6          
                dataBANK6                           320      320       20         1

        CLASS   BANK7          

        CLASS   BANK8          

        CLASS   BANK9          

        CLASS   BANK10         

        CLASS   BANK11         

        CLASS   BANK12         

        CLASS   BIGRAM         

        CLASS   RAM            

        CLASS   ABS1           
                abs_s1                               20       20       30         1
                abs_s1                               7E       7E        2         1
                abs_s1                              220      220       40         1
                abs_s1                              2A0      2A0       40         1
                abs_s1                              53C      53C       34         1
                abs_s1                              5A0      5A0       50         1
                abs_s1                              620      620       30         1

        CLASS   SFR0           

        CLASS   SFR1           

        CLASS   SFR2           

        CLASS   SFR3           

        CLASS   SFR4           

        CLASS   SFR5           

        CLASS   SFR6           

        CLASS   SFR7           

        CLASS   SFR8           

        CLASS   SFR9           

        CLASS   SFR10          

        CLASS   SFR11          

        CLASS   SFR12          

        CLASS   SFR13          

        CLASS   SFR14          

        CLASS   SFR15          

        CLASS   SFR16          

        CLASS   SFR17          

        CLASS   SFR18          

        CLASS   SFR19          

        CLASS   SFR20          

        CLASS   SFR21          

        CLASS   SFR22          

        CLASS   SFR23          

        CLASS   SFR24          

        CLASS   SFR25          

        CLASS   SFR26          

        CLASS   SFR27          

        CLASS   SFR28          

        CLASS   SFR29          

        CLASS   SFR30          

        CLASS   SFR31          

        CLASS   CONFIG         
                config                             8007     8007        2         0

        CLASS   IDLOC          

        CLASS   BANK31         

        CLASS   BANK30         

        CLASS   BANK29         

        CLASS   BANK28         

        CLASS   BANK27         

        CLASS   BANK26         

        CLASS   BANK25         

        CLASS   BANK24         

        CLASS   BANK23         

        CLASS   BANK22         

        CLASS   BANK21         

        CLASS   BANK20         

        CLASS   BANK19         

        CLASS   BANK18         

        CLASS   BANK17         

        CLASS   BANK16         

        CLASS   BANK15         

        CLASS   BANK14         

        CLASS   BANK13         

        CLASS   EEDATA         



SEGMENTS        Name                           Load    Length   Top    Selector   Space  Class     Delta

                reset_vec                      000000  000003  000003         0       0  CODE        2
                text1946                       000003  000001  000004         6       0  CODE        2
                intentry                       000004  000010  000014         8       0  CODE        2
                lowcode                        000014  0007EC  000800        28       0  CODE        2
                cstackBANK0                    000050  000020  000070        50       1  BANK0       1
                cstackCOMMON                   000070  00000E  00007E        70       1  COMMON      1
                cstackBANK1                    0000A0  000050  0000F0        A0       1  BANK1       1
                bssBANK2                       000120  00004E  00016E       120       1  BANK2       1
                bssBANK3                       0001A0  000044  0001E4       1A0       1  BANK3       1
                dataBANK6                      000320  000020  000340       320       1  BANK6       1
                text1950                       000802  000001  000803      1004       0  CODE        2
                cinit                          000803  0007FD  001000      1006       0  CODE        2
                strings                        001000  0000BD  0010BD      2000       0  STRING      2
                swtext1                        0010BD  00001A  0010D7      217A       0  CONST       2
                inittext                       0015E1  00000C  0015ED      2BC2       0  CODE        2
                clrtext                        0015ED  00000C  0015F9      2BDA       0  CODE        2
                idataBANK3                     0015F9  00000C  001605      2BF2       0  CODE        2
                text1920                       001605  00000F  001614      2C0A       0  CODE        2
                text1921                       001614  000018  00162C      2C28       0  CODE        2
                idataBANK2                     00162C  00001C  001648      2C58       0  CODE        2
                idataBANK6                     001648  000020  001668      2C90       0  CODE        2
                text1951                       001668  000057  0016BF      2CD0       0  CODE        2
                text1918                       0016BF  000074  001733      2D7E       0  CODE        2
                text1963                       001733  0000CD  001800      2E66       0  CODE        2
                config                         008007  000002  008009     1000E       0  CONFIG      2


UNUSED ADDRESS RANGES

        Name                Unused          Largest block    Delta
        BANK10           00520-0053B              1C           1
        BANK2            0016E-0016F               2           1
        BANK3            001E4-001EF               C           1
        BANK4            00260-0026F              10           1
        BANK5            002E0-002EF              10           1
        BANK6            00340-0036F              30           1
        BANK7            003A0-003EF              50           1
        BANK8            00420-0046F              50           1
        BANK9            004A0-004EF              50           1
        BIGRAM           02000-023EF             3F0           1
        CODE             00800-00801               2           2
                         010D7-015E0             50A
                         01800-01FFF             800
        CONST            00800-00801               2           2
                         010D7-015E0             100
                         01800-01FFF             100
        ENTRY            00800-00801               2           2
                         010D7-015E0             100
                         01800-01FFF             100
        IDLOC            08000-08003               4           2
        RAM              0016E-0016F               2           1
                         001E4-001EF               C
                         00260-0026F              10
                         002E0-002EF              10
                         00340-0036F              30
                         003A0-003EF              50
                         00420-0046F              50
                         004A0-004EF              50
                         00520-0053B              1C
        SFR0             00000-0001F              20           1
        SFR1             00080-0009F              20           1
        SFR10            00500-0051F              20           1
        SFR11            00580-0059F              20           1
        SFR12            00600-0061F              20           1
        SFR13            00680-006EF              70           1
        SFR14            00700-0076F              70           1
        SFR15            00780-007EF              70           1
        SFR16            00800-0086F              70           1
        SFR17            00880-008EF              70           1
        SFR18            00900-0096F              70           1
        SFR19            00980-009EF              70           1
        SFR2             00100-0011F              20           1
        SFR20            00A00-00A6F              70           1
        SFR21            00A80-00AEF              70           1
        SFR22            00B00-00B6F              70           1
        SFR23            00B80-00BEF              70           1
        SFR24            00C00-00C6F              70           1
        SFR25            00C80-00CEF              70           1
        SFR26            00D00-00D6F              70           1
        SFR27            00D80-00DEF              70           1
        SFR28            00E00-00E6F              70           1
        SFR29            00E80-00EEF              70           1
        SFR3             00180-0019F              20           1
        SFR30            00F00-00F6F              70           1
        SFR31            00F80-00FEF              70           1
        SFR4             00200-0021F              20           1
        SFR5             00280-0029F              20           1
        SFR6             00300-0031F              20           1
        SFR7             00380-0039F              20           1
        SFR8             00400-0041F              20           1
        SFR9             00480-0049F              20           1
        STRCODE          00800-00801               2           2
                         010D7-015E0             50A
                         01800-01FFF             800
        STRING           00800-00801               2           2
                         010D7-015E0             100
                         01800-01FFF             100

                                  Symbol Table

?_AsicPreCalc                             cstackBANK0  00066
?_EraseRow                                cstackBANK0  00056
?_SendAsicData                            cstackBANK0  0005C
?_SendCmdReply                            cstackBANK0  0005C
?_USBConfigureEndpoint                    cstackBANK0  00056
?_USBEnableEndpoint                       cstackBANK0  0005A
?_USBTransferOnePacket                    cstackBANK0  00059
?_USER_USB_CALLBACK_EVENT_HANDLER         cstackBANK0  00060
?_VerifyRow                               cstackBANK0  00056
?_WriteRow                                cstackBANK0  00056
?___awdiv                                 cstackBANK0  00056
?___bmul                                  cstackBANK0  00056
?___lwdiv                                 cstackBANK0  00056
?___wmul                                  cstackBANK0  00056
?_memset                                  cstackBANK0  00056
?_rotate                                  cstackBANK0  00059
?i1_SendCmdReply                          cstackCOMMON 00076
?i1___bmul                                cstackCOMMON 00070
?i1___wmul                                cstackCOMMON 00070
AsicPreCalc@F3349                         dataBANK3    001D8
AsicPreCalc@K                             cstackBANK1  000A8
AsicPreCalc@m                             cstackBANK1  000B8
AsicPreCalc@n                             cstackBANK1  000E0
AsicPreCalc@work                          cstackBANK0  00066
AsicPreCalc@x                             cstackBANK1  000DC
AsicPreCalc@y                             cstackBANK1  000D8
AsicPreCalc@z                             cstackBANK1  000B4
DetectAsics@x                             cstackBANK0  00066
PL10                                      cinit        00E58
PL12                                      cinit        00E68
PL14                                      cinit        00E70
PL16                                      cinit        00E76
PL18                                      cinit        00E80
PL2                                       cinit        00E2B
PL20                                      cinit        00E93
PL22                                      cinit        00E9B
PL24                                      text1923     0067C
PL26                                      text1923     0068D
PL28                                      cinit        00EA4
PL30                                      cinit        00EB4
PL32                                      cinit        00EBA
PL34                                      cinit        00EC3
PL36                                      text1922     007D1
PL38                                      cinit        00EC8
PL4                                       cinit        00E3D
PL40                                      text1923     0069D
PL42                                      text1922     007D7
PL44                                      cinit        00ED0
PL46                                      cinit        00ED8
PL48                                      cinit        00EE1
PL50                                      text1923     006A8
PL52                                      cinit        00EE9
PL54                                      cinit        00EF1
PL56                                      cinit        00EF7
PL58                                      text1923     006B0
PL6                                       cinit        00E4A
PL60                                      text1922     007E1
PL62                                      cinit        00EFD
PL64                                      cinit        00F02
PL66                                      text1922     007E8
PL68                                      cinit        00F08
PL8                                       cinit        00E52
ProcessCmd@cmd                            cstackBANK1  000E6
ProcessCmd@n                              cstackBANK1  000E5
ResultRx@TimeOut                          cstackCOMMON 0007C
SendAsicData@split                        cstackBANK0  0005E
SendAsicData@work                         cstackBANK0  0005C
SendCmdReply@cmd                          cstackBANK0  0005C
SendCmdReply@count                        cstackBANK0  00060
SendCmdReply@data                         cstackBANK0  0005E
SendCmdReply@n                            cstackBANK0  00067
USBConfigureEndpoint@EPNum                cstackBANK0  00058
USBConfigureEndpoint@direction            cstackBANK0  00056
USBConfigureEndpoint@handle               cstackBANK0  00059
USBCtrlEPService@setup_cnt                cstackBANK1  000A6
USBCtrlTrfInHandler@lastDTS               cstackBANK0  0005B
USBCtrlTrfRxService@byteToRead            cstackBANK0  0005B
USBCtrlTrfRxService@i                     cstackBANK0  0005A
USBCtrlTrfTxService@byteToSend            cstackBANK0  00058
USBDeviceInit@i                           cstackBANK0  0005B
USBDeviceInit@i_718                       cstackBANK0  0005A
USBDeviceInit@p                           cstackBANK0  00058
USBDeviceTasks@i                          cstackBANK1  000A8
USBEnableEndpoint@ep                      cstackBANK0  0005F
USBEnableEndpoint@options                 cstackBANK0  0005A
USBEnableEndpoint@p                       cstackBANK0  0005D
USBStdFeatureReqHandler@current_ep_data   cstackBANK1  000A2
USBStdFeatureReqHandler@p                 cstackBANK1  000A3
USBStdFeatureReqHandler@pUEP              cstackBANK1  000A0
USBStdGetStatusHandler@p                  cstackBANK0  00056
USBStdSetCfgHandler@i                     cstackBANK0  00069
USBStdSetCfgHandler@i_1089                cstackBANK0  00068
USBStdSetCfgHandler@p                     cstackBANK0  00066
USBTransferOnePacket@data                 cstackBANK0  0005A
USBTransferOnePacket@dir                  cstackBANK0  00059
USBTransferOnePacket@ep                   cstackBANK0  0005E
USBTransferOnePacket@handle               cstackBANK0  0005F
USBTransferOnePacket@len                  cstackBANK0  0005B
USER_USB_CALLBACK_EVENT_HANDLER@event     cstackBANK0  00060
UpdateFirmware@count                      cstackBANK1  000AD
UpdateFirmware@n                          cstackBANK1  000AF
UpdateFirmware@row                        cstackBANK1  000B0
VerifyRow@dest                            cstackBANK0  00056
VerifyRow@off                             cstackBANK0  00058
WriteRow@dest                             cstackBANK0  00056
WriteRow@off                              cstackBANK0  00058
_ACTCON                                   (abs)        0039B
_ADCON0bits                               (abs)        0009D
_ADCON1bits                               (abs)        0009E
_ADCON2bits                               (abs)        0009F
_ADRESH                                   (abs)        0009C
_ANSELA                                   (abs)        0018C
_ANSELB                                   (abs)        0018D
_ANSELBbits                               (abs)        0018D
_ANSELC                                   (abs)        0018E
_AsicPreCalc                              cinit        00B8B
_AsicPushWork                             cinit        00A55
_BAUDCONbits                              (abs)        0019F
_BDT                                      (abs)        00020
_BankRanges                               dataBANK6    00320
_BankSize                                 nvBANK2      0016D
_BothEP0OutUOWNsSet                       bssBANK2     00130
_Cfg                                      dataBANK2    00167
_ClockCfg                                 dataBANK2    0015F
_CtrlTrfData                              (abs)        00048
_DetectAsics                              cinit        00F4C
_EraseRow                                 lowcode      000E8
_FwPwd                                    strings      01001
_GIE                                      (abs)        0005F
_HashTime                                 dataBANK2    00151
_ID                                       strings      010AD
_INPacket                                 (abs)        00220
_INTCONbits                               (abs)        0000B
_IOCBF                                    (abs)        00396
_IOCBPbits                                (abs)        00394
_ISRCode                                  intentry     00004
_InitFAN                                  cinit        00F23
_InitResultRx                             cinit        00F3B
_InitTempSensor                           cinit        00E1A
_InitWorkTick                             cinit        00F0D
_InitializeSystem                         cinit        00DC5
_LATAbits                                 (abs)        0010C
_LATC                                     (abs)        0010E
_NonceRanges                              bssBANK3     001A0
_OPTION_REGbits                           (abs)        00095
_OSCCON                                   (abs)        00099
_OSCTUNE                                  (abs)        00098
_OUTPacket                                (abs)        002A0
_PIE2bits                                 (abs)        00092
_PIR2bits                                 (abs)        00012
_PR2                                      (abs)        0001B
_PWM1CON                                  (abs)        00613
_PWM1DCH                                  (abs)        00612
_PWM1DCL                                  (abs)        00611
_PWM1OE                                   (abs)        0309E
_PrecalcHashes                            bssBANK3     001C0
_ProcessCmd                               cinit        0086E
_ProcessCmd$2052                          cstackBANK1  000E3
_ProcessIO                                cinit        00D70
_ProcessIO$2371                           cstackBANK1  000E7
_ProcessIO$2405                           cstackBANK1  000E9
_RCIF                                     (abs)        0008D
_RCREG                                    (abs)        00199
_RCSTAbits                                (abs)        0019D
_RemoteWakeup                             bssBANK2     00131
_ResultQC                                 bssBANK2     00132
_ResultQue                                bssBANK2     00142
_ResultRx                                 text1963     01733
_Send32                                   cinit        00ADF
_SendAsicData                             cinit        00A95
_SendCmdReply                             cinit        009B1
_SetupPkt                                 (abs)        00040
_SlaveAddress                             bssBANK2     00133
_SlowTick                                 bssBANK2     00134
_Status                                   dataBANK2    00152
_T2CONbits                                (abs)        0001C
_TMR0                                     (abs)        00015
_TMR0CS                                   (abs)        004AD
_TMR0IF                                   (abs)        0005A
_TMR2IF                                   (abs)        00089
_TMR2ON                                   (abs)        000E2
_TRISAbits                                (abs)        0008C
_TRISCbits                                (abs)        0008E
_TXSTAbits                                (abs)        0019E
_UADDR                                    (abs)        00E96
_UCFG                                     (abs)        00E91
_UCON                                     (abs)        00E8E
_UCONbits                                 (abs)        00E8E
_UEIE                                     (abs)        00E97
_UEIR                                     (abs)        00E93
_UEP0                                     (abs)        00E98
_UEP0bits                                 (abs)        00E98
_UEP1                                     (abs)        00E99
_UIE                                      (abs)        00E92
_UIEbits                                  (abs)        00E92
_UIR                                      (abs)        00E90
_UIRbits                                  (abs)        00E90
_USBActiveConfiguration                   bssBANK2     0014F
_USBAlternateInterface                    bssBANK2     00150
_USBCBCheckOtherReq                       text1948     007FC
_USBCBErrorHandler                        text1947     00002
_USBCBInitEP                              text1951     01668
_USBCBStdSetDscHandler                    text1950     00802
_USBCBSuspend                             text1944     007FE
_USBCBWakeFromSuspend                     text1945     007FF
_USBCB_SOF_Handler                        text1946     00003
_USBCheckStdRequest                       text1923     00343
_USBCheckVendorRequest                    text1948     007FD
_USBConfigureEndpoint                     text1951     01696
_USBCtrlEPAllowDataStage                  text1923     00601
_USBCtrlEPAllowStatusStage                text1922     00796
_USBCtrlEPService                         text1922     006B7
_USBCtrlEPServiceComplete                 text1923     005C6
_USBCtrlTrfInHandler                      text1923     00572
_USBCtrlTrfOutHandler                     text1922     0070E
_USBCtrlTrfRxService                      text1922     0072B
_USBCtrlTrfSetupHandler                   text1923     00316
_USBCtrlTrfTxService                      text1923     0063D
_USBDeferINDataStagePackets               bssBANK2     00135
_USBDeferOUTDataStagePackets              bssBANK2     00136
_USBDeferStatusStagePacket                bssBANK0     0006C
_USBDeviceInit                            text1918     016BF
_USBDeviceState                           bssBANK1     000EB
_USBDeviceTasks                           usb          00191
_USBEnableEndpoint                        text1951     01677
_USBGenericInHandle                       bssBANK2     00137
_USBGenericOutHandle                      bssBANK1     000EC
_USBStallHandler                          text1921     01614
_USBStatusStageEnabledFlag1               bssBANK2     00138
_USBStatusStageEnabledFlag2               bssBANK2     00139
_USBStatusStageTimeoutCounter             bssBANK2     0013A
_USBStdFeatureReqHandler                  text1923     00382
_USBStdGetDscHandler                      text1923     004B8
_USBStdGetStatusHandler                   text1923     00474
_USBStdSetCfgHandler                      text1923     004FC
_USBSuspend                               text1920     01605
_USBTransferOnePacket                     usb          002CD
_USBWakeFromSuspend                       text1919     007EC
_USB_CD_Ptr                               strings      01012
_USB_SD_Ptr                               strings      0100F
_USER_USB_CALLBACK_EVENT_HANDLER          usb          00288
_USTAT                                    (abs)        00E8F
_USTATcopy                                bssBANK1     000EF
_UpdateFirmware                           lowcode      00014
_UpdateFirmware$2490                      cstackBANK1  000A9
_UpdateFirmware$2491                      cstackBANK1  000AB
_UserInit                                 cinit        00E0E
_VerifyRow                                lowcode      00149
_WQI                                      bssBANK1     000ED
_WQX                                      bssBANK2     0013B
_WorkNow                                  bssBANK1     000EE
_WorkQue                                  (abs)        0233C
_WorkTick                                 cinit        00DDB
_WriteRow                                 lowcode      000FB
__CFG_CPUDIV$NOCLKDIV                     (abs)        00000
__CFG_FCMEN$OFF                           (abs)        00000
__CFG_FOSC$INTOSC                         (abs)        00000
__CFG_IESO$OFF                            (abs)        00000
__CFG_LVP$OFF                             (abs)        00000
__CFG_MCLRE$OFF                           (abs)        00000
__CFG_PWRTE$ON                            (abs)        00000
__CFG_WDTE$OFF                            (abs)        00000
__Habs1                                   abs1         00000
__Hbank0                                  bank0        00000
__Hbank1                                  bank1        00000
__Hbank10                                 bank10       00000
__Hbank11                                 bank11       00000
__Hbank12                                 bank12       00000
__Hbank13                                 bank13       00000
__Hbank14                                 bank14       00000
__Hbank15                                 bank15       00000
__Hbank16                                 bank16       00000
__Hbank17                                 bank17       00000
__Hbank18                                 bank18       00000
__Hbank19                                 bank19       00000
__Hbank2                                  bank2        00000
__Hbank20                                 bank20       00000
__Hbank21                                 bank21       00000
__Hbank22                                 bank22       00000
__Hbank23                                 bank23       00000
__Hbank24                                 bank24       00000
__Hbank25                                 bank25       00000
__Hbank26                                 bank26       00000
__Hbank27                                 bank27       00000
__Hbank28                                 bank28       00000
__Hbank29                                 bank29       00000
__Hbank3                                  bank3        00000
__Hbank30                                 bank30       00000
__Hbank31                                 bank31       00000
__Hbank4                                  bank4        00000
__Hbank5                                  bank5        00000
__Hbank6                                  bank6        00000
__Hbank7                                  bank7        00000
__Hbank8                                  bank8        00000
__Hbank9                                  bank9        00000
__Hbigram                                 bigram       00000
__HbssBANK0                               bssBANK0     00000
__HbssBANK1                               bssBANK1     00000
__HbssBANK2                               bssBANK2     00000
__HbssBANK3                               bssBANK3     00000
__Hcinit                                  cinit        00000
__Hclrtext                                clrtext      00000
__Hcode                                   code         00000
__Hcommon                                 common       00000
__Hconfig                                 config       08009
__HcstackBANK0                            cstackBANK0  00000
__HcstackBANK1                            cstackBANK1  00000
__HcstackCOMMON                           cstackCOMMON 00000
__HdataBANK2                              dataBANK2    00000
__HdataBANK3                              dataBANK3    00000
__HdataBANK6                              dataBANK6    00000
__Heeprom_data                            eeprom_data  00000
__Hend_init                               end_init     00014
__Hfunctab                                functab      00000
__HidataBANK2                             idataBANK2   00000
__HidataBANK3                             idataBANK3   00000
__HidataBANK6                             idataBANK6   00000
__Hidloc                                  idloc        00000
__Hinit                                   init         00012
__Hinittext                               inittext     00000
__Hintentry                               intentry     00012
__Hlowcode                                lowcode      00191
__Hmaintext                               maintext     00000
__HnvBANK2                                nvBANK2      00000
__Hpa_nodes                               pa_nodes     00000
__Hpowerup                                powerup      00000
__Hram                                    ram          00000
__Hreset_vec                              reset_vec    00002
__Hsfr0                                   sfr0         00000
__Hsfr1                                   sfr1         00000
__Hsfr10                                  sfr10        00000
__Hsfr11                                  sfr11        00000
__Hsfr12                                  sfr12        00000
__Hsfr13                                  sfr13        00000
__Hsfr14                                  sfr14        00000
__Hsfr15                                  sfr15        00000
__Hsfr16                                  sfr16        00000
__Hsfr17                                  sfr17        00000
__Hsfr18                                  sfr18        00000
__Hsfr19                                  sfr19        00000
__Hsfr2                                   sfr2         00000
__Hsfr20                                  sfr20        00000
__Hsfr21                                  sfr21        00000
__Hsfr22                                  sfr22        00000
__Hsfr23                                  sfr23        00000
__Hsfr24                                  sfr24        00000
__Hsfr25                                  sfr25        00000
__Hsfr26                                  sfr26        00000
__Hsfr27                                  sfr27        00000
__Hsfr28                                  sfr28        00000
__Hsfr29                                  sfr29        00000
__Hsfr3                                   sfr3         00000
__Hsfr30                                  sfr30        00000
__Hsfr31                                  sfr31        00000
__Hsfr4                                   sfr4         00000
__Hsfr5                                   sfr5         00000
__Hsfr6                                   sfr6         00000
__Hsfr7                                   sfr7         00000
__Hsfr8                                   sfr8         00000
__Hsfr9                                   sfr9         00000
__Hstrings                                strings      00000
__Htext                                   text         00000
__Husb                                    usb          00316
__Labs1                                   abs1         00000
__Lbank0                                  bank0        00000
__Lbank1                                  bank1        00000
__Lbank10                                 bank10       00000
__Lbank11                                 bank11       00000
__Lbank12                                 bank12       00000
__Lbank13                                 bank13       00000
__Lbank14                                 bank14       00000
__Lbank15                                 bank15       00000
__Lbank16                                 bank16       00000
__Lbank17                                 bank17       00000
__Lbank18                                 bank18       00000
__Lbank19                                 bank19       00000
__Lbank2                                  bank2        00000
__Lbank20                                 bank20       00000
__Lbank21                                 bank21       00000
__Lbank22                                 bank22       00000
__Lbank23                                 bank23       00000
__Lbank24                                 bank24       00000
__Lbank25                                 bank25       00000
__Lbank26                                 bank26       00000
__Lbank27                                 bank27       00000
__Lbank28                                 bank28       00000
__Lbank29                                 bank29       00000
__Lbank3                                  bank3        00000
__Lbank30                                 bank30       00000
__Lbank31                                 bank31       00000
__Lbank4                                  bank4        00000
__Lbank5                                  bank5        00000
__Lbank6                                  bank6        00000
__Lbank7                                  bank7        00000
__Lbank8                                  bank8        00000
__Lbank9                                  bank9        00000
__Lbigram                                 bigram       00000
__LbssBANK0                               bssBANK0     00000
__LbssBANK1                               bssBANK1     00000
__LbssBANK2                               bssBANK2     00000
__LbssBANK3                               bssBANK3     00000
__Lcinit                                  cinit        00000
__Lclrtext                                clrtext      00000
__Lcode                                   code         00000
__Lcommon                                 common       00000
__Lconfig                                 config       08007
__LcstackBANK0                            cstackBANK0  00000
__LcstackBANK1                            cstackBANK1  00000
__LcstackCOMMON                           cstackCOMMON 00000
__LdataBANK2                              dataBANK2    00000
__LdataBANK3                              dataBANK3    00000
__LdataBANK6                              dataBANK6    00000
__Leeprom_data                            eeprom_data  00000
__Lend_init                               end_init     00012
__Lfunctab                                functab      00000
__LidataBANK2                             idataBANK2   00000
__LidataBANK3                             idataBANK3   00000
__LidataBANK6                             idataBANK6   00000
__Lidloc                                  idloc        00000
__Linit                                   init         00012
__Linittext                               inittext     00000
__Lintentry                               intentry     00004
__Llowcode                                lowcode      00014
__Lmaintext                               maintext     00000
__LnvBANK2                                nvBANK2      00000
__Lpa_nodes                               pa_nodes     00000
__Lpowerup                                powerup      00000
__Lram                                    ram          00000
__Lreset_vec                              reset_vec    00000
__Lsfr0                                   sfr0         00000
__Lsfr1                                   sfr1         00000
__Lsfr10                                  sfr10        00000
__Lsfr11                                  sfr11        00000
__Lsfr12                                  sfr12        00000
__Lsfr13                                  sfr13        00000
__Lsfr14                                  sfr14        00000
__Lsfr15                                  sfr15        00000
__Lsfr16                                  sfr16        00000
__Lsfr17                                  sfr17        00000
__Lsfr18                                  sfr18        00000
__Lsfr19                                  sfr19        00000
__Lsfr2                                   sfr2         00000
__Lsfr20                                  sfr20        00000
__Lsfr21                                  sfr21        00000
__Lsfr22                                  sfr22        00000
__Lsfr23                                  sfr23        00000
__Lsfr24                                  sfr24        00000
__Lsfr25                                  sfr25        00000
__Lsfr26                                  sfr26        00000
__Lsfr27                                  sfr27        00000
__Lsfr28                                  sfr28        00000
__Lsfr29                                  sfr29        00000
__Lsfr3                                   sfr3         00000
__Lsfr30                                  sfr30        00000
__Lsfr31                                  sfr31        00000
__Lsfr4                                   sfr4         00000
__Lsfr5                                   sfr5         00000
__Lsfr6                                   sfr6         00000
__Lsfr7                                   sfr7         00000
__Lsfr8                                   sfr8         00000
__Lsfr9                                   sfr9         00000
__Lstrings                                strings      00000
__Ltext                                   text         00000
__Lusb                                    usb          00191
__S0                                      (abs)        08009
__S1                                      (abs)        00340
___awdiv                                  cinit        00FC0
___awdiv@counter                          cstackBANK0  0005A
___awdiv@dividend                         cstackBANK0  00058
___awdiv@divisor                          cstackBANK0  00056
___awdiv@quotient                         cstackBANK0  0005C
___awdiv@sign                             cstackBANK0  0005B
___bmul                                   cinit        00D2E
___bmul@multiplicand                      cstackBANK0  00056
___bmul@multiplier                        cstackBANK0  00058
___bmul@product                           cstackBANK0  00057
___lwdiv                                  cinit        00A30
___lwdiv@counter                          cstackBANK0  0005A
___lwdiv@dividend                         cstackBANK0  00058
___lwdiv@divisor                          cstackBANK0  00056
___lwdiv@quotient                         cstackBANK0  0005B
___wmul                                   cinit        00A1B
___wmul@multiplicand                      cstackBANK0  00058
___wmul@multiplier                        cstackBANK0  00056
___wmul@product                           cstackBANK0  0005A
__end_ofPL10                              cinit        00E68
__end_ofPL12                              cinit        00E70
__end_ofPL14                              cinit        00E76
__end_ofPL16                              cinit        00E80
__end_ofPL18                              cinit        00E93
__end_ofPL2                               cinit        00E3D
__end_ofPL20                              cinit        00E9B
__end_ofPL22                              cinit        00EA4
__end_ofPL24                              text1923     0068D
__end_ofPL26                              text1923     0069D
__end_ofPL28                              cinit        00EB4
__end_ofPL30                              cinit        00EBA
__end_ofPL32                              cinit        00EC3
__end_ofPL34                              cinit        00EC8
__end_ofPL36                              text1922     007D7
__end_ofPL38                              cinit        00ED0
__end_ofPL4                               cinit        00E4A
__end_ofPL40                              text1923     006A8
__end_ofPL42                              text1922     007E1
__end_ofPL44                              cinit        00ED8
__end_ofPL46                              cinit        00EE1
__end_ofPL48                              cinit        00EE9
__end_ofPL50                              text1923     006B0
__end_ofPL52                              cinit        00EF1
__end_ofPL54                              cinit        00EF7
__end_ofPL56                              cinit        00EFD
__end_ofPL58                              text1923     006B7
__end_ofPL6                               cinit        00E52
__end_ofPL60                              text1922     007E8
__end_ofPL62                              cinit        00F02
__end_ofPL64                              cinit        00F08
__end_ofPL66                              text1922     007EC
__end_ofPL68                              cinit        00F0D
__end_ofPL8                               cinit        00E58
__end_of_AsicPreCalc                      cinit        00D2E
__end_of_AsicPushWork                     cinit        00A95
__end_of_DetectAsics                      cinit        00FC0
__end_of_EraseRow                         lowcode      000FB
__end_of_FwPwd                            strings      0100F
__end_of_ID                               strings      010B9
__end_of_ISRCode                          intentry     00012
__end_of_InitFAN                          cinit        00F3B
__end_of_InitResultRx                     cinit        00F4C
__end_of_InitTempSensor                   cinit        00E2B
__end_of_InitWorkTick                     cinit        00F23
__end_of_InitializeSystem                 cinit        00DDB
__end_of_ProcessCmd                       cinit        009B1
__end_of_ProcessIO                        cinit        00DC5
__end_of_ResultRx                         text1963     01776
__end_of_Send32                           cinit        00B8B
__end_of_SendAsicData                     cinit        00ADF
__end_of_SendCmdReply                     cinit        00A1B
__end_of_USBCBCheckOtherReq               text1948     007FD
__end_of_USBCBErrorHandler                text1947     00003
__end_of_USBCBInitEP                      text1951     01677
__end_of_USBCBStdSetDscHandler            text1950     00803
__end_of_USBCBSuspend                     text1944     007FF
__end_of_USBCBWakeFromSuspend             text1945     00800
__end_of_USBCB_SOF_Handler                text1946     00004
__end_of_USBCheckStdRequest               text1923     00382
__end_of_USBCheckVendorRequest            text1948     007FE
__end_of_USBConfigureEndpoint             text1951     016BF
__end_of_USBCtrlEPAllowDataStage          text1923     0063D
__end_of_USBCtrlEPAllowStatusStage        text1922     007D1
__end_of_USBCtrlEPService                 text1922     0070E
__end_of_USBCtrlEPServiceComplete         text1923     00601
__end_of_USBCtrlTrfInHandler              text1923     005C6
__end_of_USBCtrlTrfOutHandler             text1922     0072B
__end_of_USBCtrlTrfRxService              text1922     00796
__end_of_USBCtrlTrfSetupHandler           text1923     00343
__end_of_USBCtrlTrfTxService              text1923     0067C
__end_of_USBDeviceInit                    text1918     01733
__end_of_USBDeviceTasks                   usb          00288
__end_of_USBEnableEndpoint                text1951     01696
__end_of_USBStallHandler                  text1921     0162C
__end_of_USBStdFeatureReqHandler          text1923     00474
__end_of_USBStdGetDscHandler              text1923     004FC
__end_of_USBStdGetStatusHandler           text1923     004B8
__end_of_USBStdSetCfgHandler              text1923     00559
__end_of_USBSuspend                       text1920     01614
__end_of_USBTransferOnePacket             usb          00316
__end_of_USBWakeFromSuspend               text1919     007FC
__end_of_USB_CD_Ptr                       strings      01013
__end_of_USB_SD_Ptr                       strings      01012
__end_of_USER_USB_CALLBACK_EVENT_HANDLER  usb          002CD
__end_of_UpdateFirmware                   lowcode      000E8
__end_of_UserInit                         cinit        00E1A
__end_of_VerifyRow                        lowcode      00191
__end_of_WorkTick                         cinit        00E0E
__end_of_WriteRow                         lowcode      00149
__end_of___awdiv                          cinit        01000
__end_of___bmul                           cinit        00D3B
__end_of___lwdiv                          cinit        00A55
__end_of___wmul                           cinit        00A30
__end_of__initialization                  cinit        0085A
__end_of__stringtab                       strings      01001
__end_of_configDescriptor1                strings      0109B
__end_of_device_dsc                       strings      010AD
__end_of_main                             cinit        0086E
__end_of_memset                           text1923     00572
__end_of_rotate                           cinit        00D70
__end_of_sd000                            strings      010BD
__end_of_sd001                            strings      01047
__end_of_sd002                            strings      0107B
__end_ofi1_SendCmdReply                   text1963     017DF
__end_ofi1___bmul                         text1963     017EB
__end_ofi1___wmul                         text1963     01800
__initialization                          cinit        00803
__pbssBANK0                               bssBANK0     0006A
__pbssBANK1                               bssBANK1     000EB
__pbssBANK2                               bssBANK2     00120
__pbssBANK3                               bssBANK3     001A0
__pbssBIGRAM                              (abs)        0233C
__pcstackBANK0                            cstackBANK0  00050
__pcstackBANK1                            cstackBANK1  000A0
__pcstackCOMMON                           cstackCOMMON 00070
__pdataBANK2                              dataBANK2    00151
__pdataBANK3                              dataBANK3    001D8
__pdataBANK6                              dataBANK6    00320
__pidataBANK2                             idataBANK2   0162C
__pidataBANK3                             idataBANK3   015F9
__pidataBANK6                             idataBANK6   01648
__pintentry                               intentry     00004
__plowcode                                lowcode      00014
__pmaintext                               cinit        0085C
__pnvBANK2                                nvBANK2      0016D
__pstrings                                strings      01000
__pswtext1                                swtext1      010BD
__ptext1906                               cinit        00DDB
__ptext1907                               cinit        00DC5
__ptext1908                               cinit        00D70
__ptext1909                               cinit        0086E
__ptext1910                               cinit        00A55
__ptext1911                               cinit        00A95
__ptext1912                               cinit        00ADF
__ptext1913                               cinit        00B8B
__ptext1914                               cinit        00D3B
__ptext1915                               cinit        009B1
__ptext1918                               text1918     016BF
__ptext1919                               text1919     007EC
__ptext1920                               text1920     01605
__ptext1921                               text1921     01614
__ptext1922                               text1922     006B7
__ptext1923                               text1923     00316
__ptext1924                               text1923     005C6
__ptext1925                               text1923     00601
__ptext1926                               text1922     0070E
__ptext1927                               text1922     0072B
__ptext1928                               text1922     00796
__ptext1929                               text1923     00572
__ptext1930                               text1923     0063D
__ptext1931                               text1923     00343
__ptext1932                               text1923     004FC
__ptext1933                               text1923     00559
__ptext1934                               text1923     004B8
__ptext1935                               text1923     00474
__ptext1936                               text1923     00382
__ptext1938                               cinit        00E0E
__ptext1939                               cinit        00F4C
__ptext1940                               cinit        00F23
__ptext1941                               cinit        00E1A
__ptext1942                               cinit        00F0D
__ptext1943                               cinit        00F3B
__ptext1944                               text1944     007FE
__ptext1945                               text1945     007FF
__ptext1946                               text1946     00003
__ptext1947                               text1947     00002
__ptext1948                               text1948     007FC
__ptext1949                               text1948     007FD
__ptext1950                               text1950     00802
__ptext1951                               text1951     01668
__ptext1952                               text1951     01677
__ptext1953                               text1951     01696
__ptext1958                               cinit        00A30
__ptext1959                               cinit        00FC0
__ptext1960                               cinit        00D2E
__ptext1961                               cinit        00A1B
__ptext1963                               text1963     01733
__ptext1964                               text1963     01776
__ptext1965                               text1963     017EB
__ptext1966                               text1963     017DF
__ptext1967                               text1967     00000
__pusb                                    usb          00191
__size_of_AsicPreCalc                     (abs)        00000
__size_of_AsicPushWork                    (abs)        00000
__size_of_DetectAsics                     (abs)        00000
__size_of_EraseRow                        (abs)        00000
__size_of_ISRCode                         (abs)        00000
__size_of_InitFAN                         (abs)        00000
__size_of_InitResultRx                    (abs)        00000
__size_of_InitTempSensor                  (abs)        00000
__size_of_InitWorkTick                    (abs)        00000
__size_of_InitializeSystem                (abs)        00000
__size_of_ProcessCmd                      (abs)        00000
__size_of_ProcessIO                       (abs)        00000
__size_of_ResultRx                        (abs)        00000
__size_of_Send32                          (abs)        00000
__size_of_SendAsicData                    (abs)        00000
__size_of_SendCmdReply                    (abs)        00000
__size_of_USBCBCheckOtherReq              (abs)        00000
__size_of_USBCBErrorHandler               (abs)        00000
__size_of_USBCBInitEP                     (abs)        00000
__size_of_USBCBStdSetDscHandler           (abs)        00000
__size_of_USBCBSuspend                    (abs)        00000
__size_of_USBCBWakeFromSuspend            (abs)        00000
__size_of_USBCB_SOF_Handler               (abs)        00000
__size_of_USBCheckStdRequest              (abs)        00000
__size_of_USBCheckVendorRequest           (abs)        00000
__size_of_USBConfigureEndpoint            (abs)        00000
__size_of_USBCtrlEPAllowDataStage         (abs)        00000
__size_of_USBCtrlEPAllowStatusStage       (abs)        00000
__size_of_USBCtrlEPService                (abs)        00000
__size_of_USBCtrlEPServiceComplete        (abs)        00000
__size_of_USBCtrlTrfInHandler             (abs)        00000
__size_of_USBCtrlTrfOutHandler            (abs)        00000
__size_of_USBCtrlTrfRxService             (abs)        00000
__size_of_USBCtrlTrfSetupHandler          (abs)        00000
__size_of_USBCtrlTrfTxService             (abs)        00000
__size_of_USBDeviceInit                   (abs)        00000
__size_of_USBDeviceTasks                  (abs)        00000
__size_of_USBEnableEndpoint               (abs)        00000
__size_of_USBStallHandler                 (abs)        00000
__size_of_USBStdFeatureReqHandler         (abs)        00000
__size_of_USBStdGetDscHandler             (abs)        00000
__size_of_USBStdGetStatusHandler          (abs)        00000
__size_of_USBStdSetCfgHandler             (abs)        00000
__size_of_USBSuspend                      (abs)        00000
__size_of_USBTransferOnePacket            (abs)        00000
__size_of_USBWakeFromSuspend              (abs)        00000
__size_of_USER_USB_CALLBACK_EVENT_HANDLER (abs)        00000
__size_of_UpdateFirmware                  (abs)        00000
__size_of_UserInit                        (abs)        00000
__size_of_VerifyRow                       (abs)        00000
__size_of_WorkTick                        (abs)        00000
__size_of_WriteRow                        (abs)        00000
__size_of___awdiv                         (abs)        00000
__size_of___bmul                          (abs)        00000
__size_of___lwdiv                         (abs)        00000
__size_of___wmul                          (abs)        00000
__size_of_main                            (abs)        00000
__size_of_memset                          (abs)        00000
__size_of_rotate                          (abs)        00000
__size_ofi1_SendCmdReply                  (abs)        00000
__size_ofi1___bmul                        (abs)        00000
__size_ofi1___wmul                        (abs)        00000
__stringtab                               strings      01000
_configDescriptor1                        strings      0107B
_controlTransferState                     bssBANK0     0006D
_device_dsc                               strings      0109B
_endpoint_number                          bssBANK2     0013C
_ep_data_in                               bssBANK2     00126
_ep_data_out                              bssBANK2     00128
_fwbuf                                    bssBANK2     0012A
_inPipes                                  bssBANK2     0014A
_last_bit0                                bssBANK2     0013D
_last_bit1                                bssBANK2     0013E
_main                                     cinit        0085C
_memset                                   text1923     00559
_outPipes                                 bssBANK2     00120
_pBDTEntryEP0OutCurrent                   bssBANK0     0006E
_pBDTEntryEP0OutNext                      bssBANK0     0006F
_pBDTEntryIn                              bssBANK0     0006A
_pBDTEntryOut                             bssBANK2     0012C
_pDst                                     bssBANK2     0013F
_rotate                                   cinit        00D3B
_sd000                                    strings      010B9
_sd001                                    strings      01013
_sd002                                    strings      01047
_send32_count                             bssBANK2     00140
_send32_data                              bssBANK2     0012E
_shortPacketStatus                        bssBANK2     00141
btemp                                     (abs)        0007E
clear_ram                                 clrtext      015ED
end_of_initialization                     cinit        0085A
i1SendCmdReply@cmd                        cstackCOMMON 00076
i1SendCmdReply@count                      cstackCOMMON 0007A
i1SendCmdReply@data                       cstackCOMMON 00078
i1SendCmdReply@n                          cstackCOMMON 0007B
i1_SendCmdReply                           text1963     01776
i1___bmul                                 text1963     017DF
i1___bmul@multiplicand                    cstackCOMMON 00070
i1___bmul@multiplier                      cstackCOMMON 00071
i1___bmul@product                         cstackCOMMON 00072
i1___wmul                                 text1963     017EB
i1___wmul@multiplicand                    cstackCOMMON 00072
i1___wmul@multiplier                      cstackCOMMON 00070
i1___wmul@product                         cstackCOMMON 00074
init_ram                                  inittext     015E1
intlevel0                                 functab      00000
intlevel1                                 functab      00000
intlevel2                                 functab      00000
intlevel3                                 functab      00000
intlevel4                                 functab      00000
intlevel5                                 functab      00000
memset@c                                  cstackBANK0  00058
memset@n                                  cstackBANK0  0005A
memset@p                                  cstackBANK0  0005D
memset@p1                                 cstackBANK0  00056
reset_vec                                 reset_vec    00000
rotate@x                                  cstackBANK0  00059
rotate@y                                  cstackBANK0  0005D
start                                     init         00012
start_initialization                      cinit        00803
wtemp0                                    (abs)        0007E


FUNCTION INFORMATION:

 *************** function _main *****************
 Defined at:
		line 98 in file "main.c"
 Parameters:    Size  Location     Type
		None
 Auto vars:     Size  Location     Type
		None
 Return value:  Size  Location     Type
                  2  837[COMMON] int 
 Registers used:
		wreg, fsr0l, fsr0h, fsr1l, fsr1h, status,2, status,0, btemp+1, pclath, cstack
 Tracked objects:
		On entry : 
		On exit  : 
		Unchanged: 
 Data sizes:     COMMON   BANK0   BANK1   BANK2   BANK3   BANK4   BANK5   BANK6   BANK7   BANK8   BANK9  BANK10  BANK11  BANK12
      Params:         0       0       0       0       0       0       0       0       0       0       0       0       0       0
      Locals:         0       0       0       0       0       0       0       0       0       0       0       0       0       0
      Temps:          0       0       0       0       0       0       0       0       0       0       0       0       0       0
      Totals:         0       0       0       0       0       0       0       0       0       0       0       0       0       0
Total ram usage:        0 bytes
 Hardware stack levels required when called:   16
 This function calls:
		_InitializeSystem
		_USBDeviceTasks
		_WorkTick
		_AsicPushWork
		_ProcessIO
 This function is called by:
		Startup code after reset
 This function uses a non-reentrant model


 *************** function _WorkTick *****************
 Defined at:
		line 174 in file "klondike.c"
 Parameters:    Size  Location     Type
		None
 Auto vars:     Size  Location     Type
		None
 Return value:  Size  Location     Type
		None               void
 Registers used:
		wreg, fsr1l, fsr1h, status,2, status,0
 Tracked objects:
		On entry : 
		On exit  : 
		Unchanged: 
 Data sizes:     COMMON   BANK0   BANK1   BANK2   BANK3   BANK4   BANK5   BANK6   BANK7   BANK8   BANK9  BANK10  BANK11  BANK12
      Params:         0       0       0       0       0       0       0       0       0       0       0       0       0       0
      Locals:         0       0       0       0       0       0       0       0       0       0       0       0       0       0
      Temps:          0       0       0       0       0       0       0       0       0       0       0       0       0       0
      Totals:         0       0       0       0       0       0       0       0       0       0       0       0       0       0
Total ram usage:        0 bytes
 Hardware stack levels used:    1
 Hardware stack levels required when called:    4
 This function calls:
		Nothing
 This function is called by:
		_main
 This function uses a non-reentrant model


 *************** function _InitializeSystem *****************
 Defined at:
		line 146 in file "main.c"
 Parameters:    Size  Location     Type
		None
 Auto vars:     Size  Location     Type
		None
 Return value:  Size  Location     Type
		None               void
 Registers used:
		wreg, fsr1l, fsr1h, status,2, status,0, pclath, cstack
 Tracked objects:
		On entry : 
		On exit  : 
		Unchanged: 
 Data sizes:     COMMON   BANK0   BANK1   BANK2   BANK3   BANK4   BANK5   BANK6   BANK7   BANK8   BANK9  BANK10  BANK11  BANK12
      Params:         0       0       0       0       0       0       0       0       0       0       0       0       0       0
      Locals:         0       0       0       0       0       0       0       0       0       0       0       0       0       0
      Temps:          0       0       0       0       0       0       0       0       0       0       0       0       0       0
      Totals:         0       0       0       0       0       0       0       0       0       0       0       0       0       0
Total ram usage:        0 bytes
 Hardware stack levels used:    1
 Hardware stack levels required when called:    7
 This function calls:
		_UserInit
		_USBDeviceInit
 This function is called by:
		_main
 This function uses a non-reentrant model


 *************** function _ProcessIO *****************
 Defined at:
		line 182 in file "main.c"
 Parameters:    Size  Location     Type
		None
 Auto vars:     Size  Location     Type
		None
 Return value:  Size  Location     Type
		None               void
 Registers used:
		wreg, fsr0l, fsr0h, fsr1l, fsr1h, status,2, status,0, btemp+1, pclath, cstack
 Tracked objects:
		On entry : 
		On exit  : 
		Unchanged: 
 Data sizes:     COMMON   BANK0   BANK1   BANK2   BANK3   BANK4   BANK5   BANK6   BANK7   BANK8   BANK9  BANK10  BANK11  BANK12
      Params:         0       0       0       0       0       0       0       0       0       0       0       0       0       0
      Locals:         0       0       4       0       0       0       0       0       0       0       0       0       0       0
      Temps:          0       0       0       0       0       0       0       0       0       0       0       0       0       0
      Totals:         0       0       4       0       0       0       0       0       0       0       0       0       0       0
Total ram usage:        4 bytes
 Hardware stack levels used:    1
 Hardware stack levels required when called:   15
 This function calls:
		_ProcessCmd
		_USBTransferOnePacket
		___bmul
 This function is called by:
		_main
 This function uses a non-reentrant model


 *************** function _ProcessCmd *****************
 Defined at:
		line 44 in file "klondike.c"
 Parameters:    Size  Location     Type
  cmd             1    wreg     PTR unsigned char 
		 -> OUTPacket(64), 
 Auto vars:     Size  Location     Type
  cmd             1   70[BANK1 ] PTR unsigned char 
		 -> OUTPacket(64), 
  n               1   69[BANK1 ] unsigned char 
 Return value:  Size  Location     Type
		None               void
 Registers used:
		wreg, fsr0l, fsr0h, fsr1l, fsr1h, status,2, status,0, btemp+1, pclath, cstack
 Tracked objects:
		On entry : 
		On exit  : 
		Unchanged: 
 Data sizes:     COMMON   BANK0   BANK1   BANK2   BANK3   BANK4   BANK5   BANK6   BANK7   BANK8   BANK9  BANK10  BANK11  BANK12
      Params:         0       0       0       0       0       0       0       0       0       0       0       0       0       0
      Locals:         0       0       4       0       0       0       0       0       0       0       0       0       0       0
      Temps:          0       0       2       0       0       0       0       0       0       0       0       0       0       0
      Totals:         0       0       6       0       0       0       0       0       0       0       0       0       0       0
Total ram usage:        6 bytes
 Hardware stack levels used:    1
 Hardware stack levels required when called:   14
 This function calls:
		___wmul
		_AsicPreCalc
		_AsicPushWork
		_SendCmdReply
		___lwdiv
		_UpdateFirmware
 This function is called by:
		_ProcessIO
 This function uses a non-reentrant model


 *************** function _AsicPushWork *****************
 Defined at:
		line 106 in file "klondike.c"
 Parameters:    Size  Location     Type
		None
 Auto vars:     Size  Location     Type
		None
 Return value:  Size  Location     Type
		None               void
 Registers used:
		wreg, fsr0l, fsr0h, fsr1l, fsr1h, status,2, status,0, btemp+1, pclath, cstack
 Tracked objects:
		On entry : 
		On exit  : 
		Unchanged: 
 Data sizes:     COMMON   BANK0   BANK1   BANK2   BANK3   BANK4   BANK5   BANK6   BANK7   BANK8   BANK9  BANK10  BANK11  BANK12
      Params:         0       0       0       0       0       0       0       0       0       0       0       0       0       0
      Locals:         0       0       0       0       0       0       0       0       0       0       0       0       0       0
      Temps:          0       2       0       0       0       0       0       0       0       0       0       0       0       0
      Totals:         0       2       0       0       0       0       0       0       0       0       0       0       0       0
Total ram usage:        2 bytes
 Hardware stack levels used:    1
 Hardware stack levels required when called:    6
 This function calls:
		___wmul
		_SendAsicData
		_AsicPreCalc
 This function is called by:
		_ProcessCmd
		_main
 This function uses a non-reentrant model


 *************** function _SendAsicData *****************
 Defined at:
		line 36 in file "asic.c"
 Parameters:    Size  Location     Type
  work            2   12[BANK0 ] PTR struct _worktask
		 -> WorkQue(180), 
  split           1   14[BANK0 ] unsigned char 
 Auto vars:     Size  Location     Type
		None
 Return value:  Size  Location     Type
		None               void
 Registers used:
		wreg, status,2, status,0, pclath, cstack
 Tracked objects:
		On entry : 
		On exit  : 
		Unchanged: 
 Data sizes:     COMMON   BANK0   BANK1   BANK2   BANK3   BANK4   BANK5   BANK6   BANK7   BANK8   BANK9  BANK10  BANK11  BANK12
      Params:         0       3       0       0       0       0       0       0       0       0       0       0       0       0
      Locals:         0       0       0       0       0       0       0       0       0       0       0       0       0       0
      Temps:          0       0       0       0       0       0       0       0       0       0       0       0       0       0
      Totals:         0       3       0       0       0       0       0       0       0       0       0       0       0       0
Total ram usage:        3 bytes
 Hardware stack levels used:    1
 Hardware stack levels required when called:    5
 This function calls:
		_Send32
 This function is called by:
		_AsicPushWork
 This function uses a non-reentrant model


 *************** function _Send32 *****************
 Defined at:
		line 60 in file "asic.c"
 Parameters:    Size  Location     Type
		None
 Auto vars:     Size  Location     Type
		None
 Return value:  Size  Location     Type
		None               void
 Registers used:
		None
 Tracked objects:
		On entry : 
		On exit  : 
		Unchanged: 
 Data sizes:     COMMON   BANK0   BANK1   BANK2   BANK3   BANK4   BANK5   BANK6   BANK7   BANK8   BANK9  BANK10  BANK11  BANK12
      Params:         0       0       0       0       0       0       0       0       0       0       0       0       0       0
      Locals:         0       0       0       0       0       0       0       0       0       0       0       0       0       0
      Temps:          0       0       0       0       0       0       0       0       0       0       0       0       0       0
      Totals:         0       0       0       0       0       0       0       0       0       0       0       0       0       0
Total ram usage:        0 bytes
 Hardware stack levels used:    1
 Hardware stack levels required when called:    4
 This function calls:
		Nothing
 This function is called by:
		_SendAsicData
 This function uses a non-reentrant model


 *************** function _AsicPreCalc *****************
 Defined at:
		line 320 in file "asic.c"
 Parameters:    Size  Location     Type
  work            2   22[BANK0 ] PTR struct _worktask
		 -> WorkQue(180), 
 Auto vars:     Size  Location     Type
  m              32   24[BANK1 ] unsigned long [8]
  K              12    8[BANK1 ] unsigned long [3]
  x               4   60[BANK1 ] unsigned long 
  y               4   56[BANK1 ] unsigned long 
  z               4   20[BANK1 ] unsigned long 
  n               1   64[BANK1 ] unsigned char 
 Return value:  Size  Location     Type
		None               void
 Registers used:
		wreg, fsr0l, fsr0h, fsr1l, fsr1h, status,2, status,0, btemp+1, pclath, cstack
 Tracked objects:
		On entry : 
		On exit  : 
		Unchanged: 
 Data sizes:     COMMON   BANK0   BANK1   BANK2   BANK3   BANK4   BANK5   BANK6   BANK7   BANK8   BANK9  BANK10  BANK11  BANK12
      Params:         0       2       0       0       0       0       0       0       0       0       0       0       0       0
      Locals:         0       0      57       0       0       0       0       0       0       0       0       0       0       0
      Temps:          0       0       8       0       0       0       0       0       0       0       0       0       0       0
      Totals:         0       2      65       0       0       0       0       0       0       0       0       0       0       0
Total ram usage:       67 bytes
 Hardware stack levels used:    1
 Hardware stack levels required when called:    5
 This function calls:
		___bmul
		_rotate
 This function is called by:
		_ProcessCmd
		_AsicPushWork
 This function uses a non-reentrant model


 *************** function _rotate *****************
 Defined at:
		line 315 in file "asic.c"
 Parameters:    Size  Location     Type
  x               4    9[BANK0 ] unsigned long 
  y               1   13[BANK0 ] unsigned char 
 Auto vars:     Size  Location     Type
		None
 Return value:  Size  Location     Type
[...]
  off             1    8[BANK0 ] unsigned char 
 Auto vars:     Size  Location     Type
		None
 Return value:  Size  Location     Type
                  1    wreg      enum E5
 Registers used:
		wreg
 Tracked objects:
		On entry : 
		On exit  : 
		Unchanged: 
 Data sizes:     COMMON   BANK0   BANK1   BANK2   BANK3   BANK4   BANK5   BANK6   BANK7   BANK8   BANK9  BANK10  BANK11  BANK12
      Params:         0       3       0       0       0       0       0       0       0       0       0       0       0       0
      Locals:         0       0       0       0       0       0       0       0       0       0       0       0       0       0
      Temps:          0       2       0       0       0       0       0       0       0       0       0       0       0       0
      Totals:         0       5       0       0       0       0       0       0       0       0       0       0       0       0
Total ram usage:        5 bytes
 Hardware stack levels used:    1
 Hardware stack levels required when called:    4
 This function calls:
		Nothing
 This function is called by:
		_UpdateFirmware
 This function uses a non-reentrant model


 *************** function ___lwdiv *****************
 Defined at:
		line 5 in file "/opt/microchip/xc8/v1.12/sources/lwdiv.c"
 Parameters:    Size  Location     Type
  divisor         2    6[BANK0 ] unsigned int 
  dividend        2    8[BANK0 ] unsigned int 
 Auto vars:     Size  Location     Type
  quotient        2   11[BANK0 ] unsigned int 
  counter         1   10[BANK0 ] unsigned char 
 Return value:  Size  Location     Type
                  2    6[BANK0 ] unsigned int 
 Registers used:
		wreg, status,2, status,0
 Tracked objects:
		On entry : 
		On exit  : 
		Unchanged: 
 Data sizes:     COMMON   BANK0   BANK1   BANK2   BANK3   BANK4   BANK5   BANK6   BANK7   BANK8   BANK9  BANK10  BANK11  BANK12
      Params:         0       4       0       0       0       0       0       0       0       0       0       0       0       0
      Locals:         0       3       0       0       0       0       0       0       0       0       0       0       0       0
      Temps:          0       0       0       0       0       0       0       0       0       0       0       0       0       0
      Totals:         0       7       0       0       0       0       0       0       0       0       0       0       0       0
Total ram usage:        7 bytes
 Hardware stack levels used:    1
 Hardware stack levels required when called:    4
 This function calls:
		Nothing
 This function is called by:
		_ProcessCmd
 This function uses a non-reentrant model


 *************** function ___awdiv *****************
 Defined at:
		line 5 in file "/opt/microchip/xc8/v1.12/sources/awdiv.c"
 Parameters:    Size  Location     Type
  divisor         2    6[BANK0 ] int 
  dividend        2    8[BANK0 ] int 
 Auto vars:     Size  Location     Type
  quotient        2   12[BANK0 ] int 
  sign            1   11[BANK0 ] unsigned char 
  counter         1   10[BANK0 ] unsigned char 
 Return value:  Size  Location     Type
                  2    6[BANK0 ] int 
 Registers used:
		wreg, status,2, status,0
 Tracked objects:
		On entry : 
		On exit  : 
		Unchanged: 
 Data sizes:     COMMON   BANK0   BANK1   BANK2   BANK3   BANK4   BANK5   BANK6   BANK7   BANK8   BANK9  BANK10  BANK11  BANK12
      Params:         0       4       0       0       0       0       0       0       0       0       0       0       0       0
      Locals:         0       4       0       0       0       0       0       0       0       0       0       0       0       0
      Temps:          0       0       0       0       0       0       0       0       0       0       0       0       0       0
      Totals:         0       8       0       0       0       0       0       0       0       0       0       0       0       0
Total ram usage:        8 bytes
 Hardware stack levels used:    1
 Hardware stack levels required when called:    4
 This function calls:
		Nothing
 This function is called by:
		_DetectAsics
 This function uses a non-reentrant model


 *************** function ___bmul *****************
 Defined at:
		line 3 in file "/opt/microchip/xc8/v1.12/sources/bmul.c"
 Parameters:    Size  Location     Type
  multiplier      1    wreg     unsigned char 
  multiplicand    1    6[BANK0 ] unsigned char 
 Auto vars:     Size  Location     Type
  multiplier      1    8[BANK0 ] unsigned char 
  product         1    7[BANK0 ] unsigned char 
 Return value:  Size  Location     Type
                  1    wreg      unsigned char 
 Registers used:
		wreg, status,2, status,0
 Tracked objects:
		On entry : 
		On exit  : 
		Unchanged: 
 Data sizes:     COMMON   BANK0   BANK1   BANK2   BANK3   BANK4   BANK5   BANK6   BANK7   BANK8   BANK9  BANK10  BANK11  BANK12
      Params:         0       1       0       0       0       0       0       0       0       0       0       0       0       0
      Locals:         0       2       0       0       0       0       0       0       0       0       0       0       0       0
      Temps:          0       0       0       0       0       0       0       0       0       0       0       0       0       0
      Totals:         0       3       0       0       0       0       0       0       0       0       0       0       0       0
Total ram usage:        3 bytes
 Hardware stack levels used:    1
 Hardware stack levels required when called:    4
 This function calls:
		Nothing
 This function is called by:
		_AsicPreCalc
		_ProcessIO
		_SendCmdReply
		i1_SendCmdReply
 This function uses a non-reentrant model


 *************** function ___wmul *****************
 Defined at:
		line 3 in file "/opt/microchip/xc8/v1.12/sources/wmul.c"
 Parameters:    Size  Location     Type
  multiplier      2    6[BANK0 ] unsigned int 
  multiplicand    2    8[BANK0 ] unsigned int 
 Auto vars:     Size  Location     Type
  product         2   10[BANK0 ] unsigned int 
 Return value:  Size  Location     Type
                  2    6[BANK0 ] unsigned int 
 Registers used:
		wreg, status,2, status,0
 Tracked objects:
		On entry : 
		On exit  : 
		Unchanged: 
 Data sizes:     COMMON   BANK0   BANK1   BANK2   BANK3   BANK4   BANK5   BANK6   BANK7   BANK8   BANK9  BANK10  BANK11  BANK12
      Params:         0       4       0       0       0       0       0       0       0       0       0       0       0       0
      Locals:         0       2       0       0       0       0       0       0       0       0       0       0       0       0
      Temps:          0       0       0       0       0       0       0       0       0       0       0       0       0       0
      Totals:         0       6       0       0       0       0       0       0       0       0       0       0       0       0
Total ram usage:        6 bytes
 Hardware stack levels used:    1
 Hardware stack levels required when called:    4
 This function calls:
		Nothing
 This function is called by:
		_ProcessCmd
		_AsicPushWork
		_SendCmdReply
 This function uses a non-reentrant model


 *************** function _ISRCode *****************
 Defined at:
		line 70 in file "main.c"
 Parameters:    Size  Location     Type
		None
 Auto vars:     Size  Location     Type
		None
 Return value:  Size  Location     Type
		None               void
 Registers used:
		wreg, fsr0l, fsr0h, fsr1l, fsr1h, status,2, status,0, btemp+1, pclath, cstack
 Tracked objects:
		On entry : 
		On exit  : 
		Unchanged: 
 Data sizes:     COMMON   BANK0   BANK1   BANK2   BANK3   BANK4   BANK5   BANK6   BANK7   BANK8   BANK9  BANK10  BANK11  BANK12
      Params:         0       0       0       0       0       0       0       0       0       0       0       0       0       0
      Locals:         0       0       0       0       0       0       0       0       0       0       0       0       0       0
      Temps:          1       0       0       0       0       0       0       0       0       0       0       0       0       0
      Totals:         1       0       0       0       0       0       0       0       0       0       0       0       0       0
Total ram usage:        1 bytes
 Hardware stack levels used:    1
 Hardware stack levels required when called:    3
 This function calls:
		_ResultRx
 This function is called by:
		Interrupt level 1
 This function uses a non-reentrant model


 *************** function _ResultRx *****************
 Defined at:
		line 202 in file "klondike.c"
 Parameters:    Size  Location     Type
		None
 Auto vars:     Size  Location     Type
  TimeOut         1   12[COMMON] unsigned char 
 Return value:  Size  Location     Type
		None               void
 Registers used:
		wreg, fsr0l, fsr0h, fsr1l, fsr1h, status,2, status,0, btemp+1, pclath, cstack
 Tracked objects:
		On entry : 
		On exit  : 
		Unchanged: 
 Data sizes:     COMMON   BANK0   BANK1   BANK2   BANK3   BANK4   BANK5   BANK6   BANK7   BANK8   BANK9  BANK10  BANK11  BANK12
      Params:         0       0       0       0       0       0       0       0       0       0       0       0       0       0
      Locals:         1       0       0       0       0       0       0       0       0       0       0       0       0       0
      Temps:          0       0       0       0       0       0       0       0       0       0       0       0       0       0
      Totals:         1       0       0       0       0       0       0       0       0       0       0       0       0       0
Total ram usage:        1 bytes
 Hardware stack levels used:    1
 Hardware stack levels required when called:    2
 This function calls:
		i1_SendCmdReply
 This function is called by:
		_ISRCode
 This function uses a non-reentrant model


 *************** function i1_SendCmdReply *****************
 Defined at:
		line 208 in file "main.c"
 Parameters:    Size  Location     Type
  SendCmdReply    2    6[COMMON] PTR unsigned char 
		 -> ResultQue(8), OUTPacket(64), 
  SendCmdReply    2    8[COMMON] PTR unsigned char 
		 -> ResultQue(8), Cfg(6), ID(12), Status(13), 
  SendCmdReply    1   10[COMMON] unsigned char 
 Auto vars:     Size  Location     Type
  SendCmdReply    1   11[COMMON] unsigned char 
 Return value:  Size  Location     Type
		None               void
 Registers used:
		wreg, fsr0l, fsr0h, fsr1l, fsr1h, status,2, status,0, btemp+1, pclath, cstack
 Tracked objects:
		On entry : 
		On exit  : 
		Unchanged: 
 Data sizes:     COMMON   BANK0   BANK1   BANK2   BANK3   BANK4   BANK5   BANK6   BANK7   BANK8   BANK9  BANK10  BANK11  BANK12
      Params:         5       0       0       0       0       0       0       0       0       0       0       0       0       0
      Locals:         1       0       0       0       0       0       0       0       0       0       0       0       0       0
      Temps:          0       6       0       0       0       0       0       0       0       0       0       0       0       0
      Totals:         6       6       0       0       0       0       0       0       0       0       0       0       0       0
Total ram usage:       12 bytes
 Hardware stack levels used:    1
 Hardware stack levels required when called:    1
 This function calls:
		i1___wmul
		i1___bmul
 This function is called by:
		_ResultRx
 This function uses a non-reentrant model


 *************** function i1___wmul *****************
 Defined at:
		line 3 in file "/opt/microchip/xc8/v1.12/sources/wmul.c"
 Parameters:    Size  Location     Type
  __wmul          2    0[COMMON] unsigned int 
  __wmul          2    2[COMMON] unsigned int 
 Auto vars:     Size  Location     Type
  __wmul          2    4[COMMON] unsigned int 
 Return value:  Size  Location     Type
                  2    0[COMMON] unsigned int 
 Registers used:
		wreg, status,2, status,0
 Tracked objects:
		On entry : 
		On exit  : 
		Unchanged: 
 Data sizes:     COMMON   BANK0   BANK1   BANK2   BANK3   BANK4   BANK5   BANK6   BANK7   BANK8   BANK9  BANK10  BANK11  BANK12
      Params:         4       0       0       0       0       0       0       0       0       0       0       0       0       0
      Locals:         2       0       0       0       0       0       0       0       0       0       0       0       0       0
      Temps:          0       0       0       0       0       0       0       0       0       0       0       0       0       0
      Totals:         6       0       0       0       0       0       0       0       0       0       0       0       0       0
Total ram usage:        6 bytes
 Hardware stack levels used:    1
 This function calls:
		Nothing
 This function is called by:
		i1_SendCmdReply
 This function uses a non-reentrant model


 *************** function i1___bmul *****************
 Defined at:
		line 3 in file "/opt/microchip/xc8/v1.12/sources/bmul.c"
 Parameters:    Size  Location     Type
  __bmul          1    wreg     unsigned char 
  __bmul          1    0[COMMON] unsigned char 
 Auto vars:     Size  Location     Type
  __bmul          1    1[COMMON] unsigned char 
  __bmul          1    2[COMMON] unsigned char 
 Return value:  Size  Location     Type
                  1    wreg      unsigned char 
 Registers used:
		wreg, status,2, status,0
 Tracked objects:
		On entry : 
		On exit  : 
		Unchanged: 
 Data sizes:     COMMON   BANK0   BANK1   BANK2   BANK3   BANK4   BANK5   BANK6   BANK7   BANK8   BANK9  BANK10  BANK11  BANK12
      Params:         1       0       0       0       0       0       0       0       0       0       0       0       0       0
      Locals:         2       0       0       0       0       0       0       0       0       0       0       0       0       0
      Temps:          0       0       0       0       0       0       0       0       0       0       0       0       0       0
      Totals:         3       0       0       0       0       0       0       0       0       0       0       0       0       0
Total ram usage:        3 bytes
 Hardware stack levels used:    1
 This function calls:
		Nothing
 This function is called by:
		i1_SendCmdReply
 This function uses a non-reentrant model



MODULE INFORMATION

Module		Function		Class		Link	Load	Size
/opt/microchip/xc8/v1.12/sources/bmul.c
		___bmul        		CODE           	0D2E	0000	13

/opt/microchip/xc8/v1.12/sources/bmul.c estimated size: 13

fwup.c
		_UpdateFirmware		CODE           	0014	0000	212
		_EraseRow      		CODE           	00E8	0000	19
		_VerifyRow     		CODE           	0149	0000	72
		_WriteRow      		CODE           	00FB	0000	78

fwup.c estimated size: 381

../../common/memset.c
		_memset        		CODE           	0559	0000	25

../../common/memset.c estimated size: 25

shared
		PL12           		CODE           	0E68	0000	8
		PL50           		CODE           	06A8	0000	8
		PL8            		CODE           	0E52	0000	6
		PL22           		CODE           	0E9B	0000	9
		PL60           		CODE           	07E1	0000	7
		_configDescript		STRING         	107B	0000	32
		PL32           		CODE           	0EBA	0000	9
		_USB_CD_Ptr    		STRING         	1012	0000	1
		PL42           		CODE           	07D7	0000	10
		_sd001         		STRING         	1013	0000	52
		PL14           		CODE           	0E70	0000	6
		PL52           		CODE           	0EE9	0000	8
		PL24           		CODE           	067C	0000	17
		PL62           		CODE           	0EFD	0000	5
		__stringtab    		STRING         	1000	0000	1
		PL34           		CODE           	0EC3	0000	5
		PL44           		CODE           	0ED0	0000	8
		PL16           		CODE           	0E76	0000	10
		PL54           		CODE           	0EF1	0000	6
		PL26           		CODE           	068D	0000	16
		PL64           		CODE           	0F02	0000	6
		PL36           		CODE           	07D1	0000	6
		PL46           		CODE           	0ED8	0000	9
		_sd002         		STRING         	1047	0000	52
		_FwPwd         		STRING         	1001	0000	14
		PL18           		CODE           	0E80	0000	19
		PL56           		CODE           	0EF7	0000	6
		PL28           		CODE           	0EA4	0000	16
		PL66           		CODE           	07E8	0000	4
		PL38           		CODE           	0EC8	0000	8
		_ID            		STRING         	10AD	0000	12
		PL48           		CODE           	0EE1	0000	8
		PL58           		CODE           	06B0	0000	7
		PL68           		CODE           	0F08	0000	5
		i1___wmul      		CODE           	17EB	0000	21
		__initializatio		CODE           	0803	0000	87
		_device_dsc    		STRING         	109B	0000	18
		i1_SendCmdReply		CODE           	1776	0000	105
		i1___bmul      		CODE           	17DF	0000	12
		_USB_SD_Ptr    		STRING         	100F	0000	3
		PL2            		CODE           	0E2B	0000	18
		_sd000         		STRING         	10B9	0000	4
		PL10           		CODE           	0E58	0000	16
		PL4            		CODE           	0E3D	0000	13
		PL20           		CODE           	0E93	0000	8
		PL30           		CODE           	0EB4	0000	6
		PL6            		CODE           	0E4A	0000	8
		PL40           		CODE           	069D	0000	11

shared estimated size: 726

asic.c
		_Send32        		CODE           	0ADF	0000	172
		_SendAsicData  		CODE           	0A95	0000	74
		_rotate        		CODE           	0D3B	0000	53
		_AsicPreCalc   		CODE           	0B8B	0000	419

asic.c estimated size: 718

klondike.c
		_ResultRx      		CODE           	1733	0000	67
		_WorkTick      		CODE           	0DDB	0000	51
		_InitTempSensor		CODE           	0E1A	0000	17
		_DetectAsics   		CODE           	0F4C	0000	116
		_InitWorkTick  		CODE           	0F0D	0000	22
		_AsicPushWork  		CODE           	0A55	0000	64
		_ProcessCmd    		CODE           	086E	0000	323
		_InitResultRx  		CODE           	0F3B	0000	17
		_InitFAN       		CODE           	0F23	0000	24

klondike.c estimated size: 701

../USB/usb_function_generic.c
		_USBCheckVendor		CODE           	07FD	0000	1

../USB/usb_function_generic.c estimated size: 1

main.c
		_USBCBErrorHand		CODE           	0002	0000	1
		_UserInit      		CODE           	0E0E	0000	12
		_USBCBWakeFromS		CODE           	07FF	0000	1
		_main          		CODE           	085C	0000	18
		_USER_USB_CALLB		CODE           	0288	0000	69
		_USBCBStdSetDsc		CODE           	0802	0000	1
		_SendCmdReply  		CODE           	09B1	0000	106
		_USBCBInitEP   		CODE           	1668	0000	15
		_InitializeSyst		CODE           	0DC5	0000	22
		_ProcessIO     		CODE           	0D70	0000	85
		_USBCB_SOF_Hand		CODE           	0003	0000	1
		_USBCBSuspend  		CODE           	07FE	0000	1
		_USBCBCheckOthe		CODE           	07FC	0000	1
		_ISRCode       		CODE           	0004	0000	14

main.c estimated size: 347

/opt/microchip/xc8/v1.12/sources/wmul.c
		___wmul        		CODE           	0A1B	0000	21

/opt/microchip/xc8/v1.12/sources/wmul.c estimated size: 21

/opt/microchip/xc8/v1.12/sources/awdiv.c
		___awdiv       		CODE           	0FC0	0000	64

/opt/microchip/xc8/v1.12/sources/awdiv.c estimated size: 64

/opt/microchip/xc8/v1.12/sources/lwdiv.c
		___lwdiv       		CODE           	0A30	0000	37

/opt/microchip/xc8/v1.12/sources/lwdiv.c estimated size: 37

../USB/usb_device.c
		_USBCtrlTrfInHa		CODE           	0572	0000	84
		_USBTransferOne		CODE           	02CD	0000	73
		_USBStdGetDscHa		CODE           	04B8	0000	68
		_USBCtrlEPAllow		CODE           	0601	0000	60
		_USBStdFeatureR		CODE           	0382	0000	242
		_USBCtrlEPAllow		CODE           	0796	0000	59
		_USBCtrlTrfSetu		CODE           	0316	0000	45
		_USBCtrlTrfOutH		CODE           	070E	0000	29
		_USBCtrlEPServi		CODE           	05C6	0000	59
		_USBSuspend    		CODE           	1605	0000	15
		_USBStdSetCfgHa		CODE           	04FC	0000	93
		_USBStdGetStatu		CODE           	0474	0000	68
		_USBWakeFromSus		CODE           	07EC	0000	16
		_USBCtrlTrfRxSe		CODE           	072B	0000	107
		_USBCtrlTrfTxSe		CODE           	063D	0000	63
		_USBEnableEndpo		CODE           	1677	0000	31
		_USBConfigureEn		CODE           	1696	0000	41
		_USBDeviceInit 		CODE           	16BF	0000	116
		_USBCtrlEPServi		CODE           	06B7	0000	87
		_USBStallHandle		CODE           	1614	0000	24
		_USBDeviceTasks		CODE           	0191	0000	247
		_USBCheckStdReq		CODE           	0343	0000	63

../USB/usb_device.c estimated size: 1690

